app/api/auth/[...all]/route.ts(73,10): error TS2339: Property 'withRule' does not exist on type '<const Rules extends (Primitive | Product)[], const Characteristics extends readonly string[]>(options: { key: string; rules: readonly [...Rules]; characteristics?: Characteristics | undefined; client?: Client | undefined; log?: ArcjetLogger | undefined; proxies?: string[] | undefined; }) => ArcjetNext<...>'.
app/api/auth/[...all]/route.ts(78,10): error TS2339: Property 'withRule' does not exist on type '<const Rules extends (Primitive | Product)[], const Characteristics extends readonly string[]>(options: { key: string; rules: readonly [...Rules]; characteristics?: Characteristics | undefined; client?: Client | undefined; log?: ArcjetLogger | undefined; proxies?: string[] | undefined; }) => ArcjetNext<...>'.
app/api/auth/[...all]/route.ts(85,8): error TS2339: Property 'withRule' does not exist on type '<const Rules extends (Primitive | Product)[], const Characteristics extends readonly string[]>(options: { key: string; rules: readonly [...Rules]; characteristics?: Characteristics | undefined; client?: Client | undefined; log?: ArcjetLogger | undefined; proxies?: string[] | undefined; }) => ArcjetNext<...>'.
